VendingMachine
Display                                          INSERT COIN
Returns                                                  [5]
Coins                                                     []
Balance                                                    0
